
tesst modify txt...
